<vector xmlns:android="http://schemas.android.com/apk/res/android"
    android:width="39dp"
    android:height="38dp"
    android:viewportWidth="39"
    android:viewportHeight="38">
  <path
      android:pathData="M26.283,0C32.91,0 38.283,5.373 38.283,12V25.577C38.283,32.205 32.91,37.577 26.283,37.577H12.021C5.394,37.577 0.021,32.205 0.021,25.577V12C0.021,5.373 5.394,0 12.021,0H26.283Z"
      android:fillColor="#FFC13A"
      android:fillAlpha="0.3"/>
  <path
      android:strokeWidth="1"
      android:pathData="M26.283,0C32.91,0 38.283,5.373 38.283,12V25.577C38.283,32.205 32.91,37.577 26.283,37.577H12.021C5.394,37.577 0.021,32.205 0.021,25.577V12C0.021,5.373 5.394,0 12.021,0H26.283Z"
      android:fillColor="#00000000"
      android:strokeColor="#E5E7EB"/>
  <group>
    <clip-path
        android:pathData="M11,11H27V27H11V11Z"/>
    <path
        android:pathData="M19,11C21.122,11 23.157,11.843 24.657,13.343C26.157,14.843 27,16.878 27,19C27,21.122 26.157,23.157 24.657,24.657C23.157,26.157 21.122,27 19,27C16.878,27 14.844,26.157 13.343,24.657C11.843,23.157 11,21.122 11,19C11,16.878 11.843,14.843 13.343,13.343C14.844,11.843 16.878,11 19,11ZM18.25,14.75V19C18.25,19.25 18.375,19.484 18.584,19.625L21.584,21.625C21.928,21.856 22.394,21.763 22.625,21.416C22.856,21.069 22.763,20.606 22.416,20.375L19.75,18.6V14.75C19.75,14.334 19.416,14 19,14C18.584,14 18.25,14.334 18.25,14.75Z"
        android:fillColor="#FFC13A"/>
  </group>
</vector>
